
> nextjs-bootstrap5@0.1.0 build
> next build

  Γû▓ Next.js 14.2.35

   Creating an optimized production build ...
 Γ£ô Compiled successfully
   Linting and checking validity of types ...
node.exe : 
At line:1 char:1
+ & 
"C:\nvm4w\nodejs/node.exe" 
"C:\Users\quynh\AppData\Roa
ming\npm/node ...
+ ~~~~~~~~~~~~~~~~~~~~~~~~~
~~~~~~~~~~~~~~~~~~~~~~~~~~~
~~~~~~~~~~~~~~~~~
    + CategoryInfo         
     : NotSpecified: (:St  
  ring) [], RemoteExcept   
 ion
    + FullyQualifiedErrorI 
   d : NativeCommandError
 
Failed to compile.

./src/app/(auth)/login/page
.tsx
51:14  Error: 'err' is 
defined but never used.  @t
ypescript-eslint/no-unused-
vars

./src/app/(auth)/register/p
age.tsx
41:14  Error: 'err' is 
defined but never used.  @t
ypescript-eslint/no-unused-
vars

./src/app/blog/page.tsx
100:17  Warning: Using 
`<img>` could result in 
slower LCP and higher 
bandwidth. Consider using 
`<Image />` from 
`next/image` to 
automatically optimize 
images. This may incur 
additional usage or cost 
from your provider. See: ht
tps://nextjs.org/docs/messa
ges/no-img-element  
@next/next/no-img-element
115:23  Warning: Using 
`<img>` could result in 
slower LCP and higher 
bandwidth. Consider using 
`<Image />` from 
`next/image` to 
automatically optimize 
images. This may incur 
additional usage or cost 
from your provider. See: ht
tps://nextjs.org/docs/messa
ges/no-img-element  
@next/next/no-img-element

./src/app/blog/[slug]/page.
tsx
61:15  Warning: Using 
`<img>` could result in 
slower LCP and higher 
bandwidth. Consider using 
`<Image />` from 
`next/image` to 
automatically optimize 
images. This may incur 
additional usage or cost 
from your provider. See: ht
tps://nextjs.org/docs/messa
ges/no-img-element  
@next/next/no-img-element
71:9  Warning: Using 
`<img>` could result in 
slower LCP and higher 
bandwidth. Consider using 
`<Image />` from 
`next/image` to 
automatically optimize 
images. This may incur 
additional usage or cost 
from your provider. See: ht
tps://nextjs.org/docs/messa
ges/no-img-element  
@next/next/no-img-element

./src/app/dashboard/calenda
r/page.tsx
66:39  Warning: React Hook 
useEffect has a missing 
dependency: 'fetchEvents'. 
Either include it or 
remove the dependency 
array.  
react-hooks/exhaustive-deps

./src/app/dashboard/media/p
age.tsx
40:14  Error: 'err' is 
defined but never used.  @t
ypescript-eslint/no-unused-
vars
64:14  Error: 'err' is 
defined but never used.  @t
ypescript-eslint/no-unused-
vars
94:16  Error: 'err' is 
defined but never used.  @t
ypescript-eslint/no-unused-
vars
172:56  Error: Expected an 
assignment or function 
call and instead saw an 
expression.  @typescript-es
lint/no-unused-expressions
213:27  Warning: Using 
`<img>` could result in 
slower LCP and higher 
bandwidth. Consider using 
`<Image />` from 
`next/image` to 
automatically optimize 
images. This may incur 
additional usage or cost 
from your provider. See: ht
tps://nextjs.org/docs/messa
ges/no-img-element  
@next/next/no-img-element
253:68  Warning: Using 
`<img>` could result in 
slower LCP and higher 
bandwidth. Consider using 
`<Image />` from 
`next/image` to 
automatically optimize 
images. This may incur 
additional usage or cost 
from your provider. See: ht
tps://nextjs.org/docs/messa
ges/no-img-element  
@next/next/no-img-element
303:15  Warning: Using 
`<img>` could result in 
slower LCP and higher 
bandwidth. Consider using 
`<Image />` from 
`next/image` to 
automatically optimize 
images. This may incur 
additional usage or cost 
from your provider. See: ht
tps://nextjs.org/docs/messa
ges/no-img-element  
@next/next/no-img-element

./src/app/dashboard/page.ts
x
313:15  Warning: Using 
`<img>` could result in 
slower LCP and higher 
bandwidth. Consider using 
`<Image />` from 
`next/image` to 
automatically optimize 
images. This may incur 
additional usage or cost 
from your provider. See: ht
tps://nextjs.org/docs/messa
ges/no-img-element  
@next/next/no-img-element

./src/app/dashboard/profile
/page.tsx
31:9  Error: 
'fileInputRef' is assigned 
a value but never used.  @t
ypescript-eslint/no-unused-
vars
43:6  Warning: React Hook 
useEffect has a missing 
dependency: 
'fetchProfile'. Either 
include it or remove the 
dependency array.  
react-hooks/exhaustive-deps
136:15  Warning: Using 
`<img>` could result in 
slower LCP and higher 
bandwidth. Consider using 
`<Image />` from 
`next/image` to 
automatically optimize 
images. This may incur 
additional usage or cost 
from your provider. See: ht
tps://nextjs.org/docs/messa
ges/no-img-element  
@next/next/no-img-element

./src/app/dashboard/setting
s/page.tsx
65:9  Error: 'fileRef' is 
assigned a value but never 
used.  @typescript-eslint/n
o-unused-vars
187:21  Warning: Using 
`<img>` could result in 
slower LCP and higher 
bandwidth. Consider using 
`<Image />` from 
`next/image` to 
automatically optimize 
images. This may incur 
additional usage or cost 
from your provider. See: ht
tps://nextjs.org/docs/messa
ges/no-img-element  
@next/next/no-img-element
465:30  Error: 'idx' is 
defined but never used.  @t
ypescript-eslint/no-unused-
vars

./src/app/dashboard/users/p
age.tsx
42:6  Warning: React Hook 
useEffect has a missing 
dependency: 'fetchUsers'. 
Either include it or 
remove the dependency 
array.  
react-hooks/exhaustive-deps
52:14  Error: 'err' is 
defined but never used.  @t
ypescript-eslint/no-unused-
vars
99:14  Error: 'err' is 
defined but never used.  @t
ypescript-eslint/no-unused-
vars
131:14  Error: 'err' is 
defined but never used.  @t
ypescript-eslint/no-unused-
vars
151:14  Error: 'err' is 
defined but never used.  @t
ypescript-eslint/no-unused-
vars
247:27  Warning: Using 
`<img>` could result in 
slower LCP and higher 
bandwidth. Consider using 
`<Image />` from 
`next/image` to 
automatically optimize 
images. This may incur 
additional usage or cost 
from your provider. See: ht
tps://nextjs.org/docs/messa
ges/no-img-element  
@next/next/no-img-element
392:19  Warning: Using 
`<img>` could result in 
slower LCP and higher 
bandwidth. Consider using 
`<Image />` from 
`next/image` to 
automatically optimize 
images. This may incur 
additional usage or cost 
from your provider. See: ht
tps://nextjs.org/docs/messa
ges/no-img-element  
@next/next/no-img-element

./src/components/CommandPal
ette.tsx
119:6  Warning: React Hook 
useEffect has a missing 
dependency: 'navigate'. 
Either include it or 
remove the dependency 
array.  
react-hooks/exhaustive-deps

./src/components/LivePulseF
eed.tsx
5:10  Error: 'Activity' is 
defined but never used.  @t
ypescript-eslint/no-unused-
vars

./src/components/MediaPicke
rModal.tsx
41:6  Warning: React Hook 
useEffect has a missing 
dependency: 'fetchMedia'. 
Either include it or 
remove the dependency 
array.  
react-hooks/exhaustive-deps
124:9  Error: 'formatSize' 
is assigned a value but 
never used.  @typescript-es
lint/no-unused-vars
173:62  Error: Expected an 
assignment or function 
call and instead saw an 
expression.  @typescript-es
lint/no-unused-expressions
258:29  Warning: Using 
`<img>` could result in 
slower LCP and higher 
bandwidth. Consider using 
`<Image />` from 
`next/image` to 
automatically optimize 
images. This may incur 
additional usage or cost 
from your provider. See: ht
tps://nextjs.org/docs/messa
ges/no-img-element  
@next/next/no-img-element
315:19  Warning: Using 
`<img>` could result in 
slower LCP and higher 
bandwidth. Consider using 
`<Image />` from 
`next/image` to 
automatically optimize 
images. This may incur 
additional usage or cost 
from your provider. See: ht
tps://nextjs.org/docs/messa
ges/no-img-element  
@next/next/no-img-element

./src/components/Topbar.tsx
100:13  Warning: Using 
`<img>` could result in 
slower LCP and higher 
bandwidth. Consider using 
`<Image />` from 
`next/image` to 
automatically optimize 
images. This may incur 
additional usage or cost 
from your provider. See: ht
tps://nextjs.org/docs/messa
ges/no-img-element  
@next/next/no-img-element

info  - Need to disable 
some ESLint rules? Learn 
more here: https://nextjs.o
rg/docs/basic-features/esli
nt#disabling-rules
